Archive member included to satisfy reference by file (symbol)

c:/program files (x86)/atollic/truestudio for arm 8.0.0/armtools/bin/../lib/gcc/arm-atollic-eabi/6.3.1/../../../../arm-atollic-eabi/lib/armv7e-m/fpu/fpv5-d16\libc_nano.a(lib_a-init.o)
                              startup\startup_stm32f767xx.o (__libc_init_array)
c:/program files (x86)/atollic/truestudio for arm 8.0.0/armtools/bin/../lib/gcc/arm-atollic-eabi/6.3.1/../../../../arm-atollic-eabi/lib/armv7e-m/fpu/fpv5-d16\libc_nano.a(lib_a-sprintf.o)
                              Src\main.o (sprintf)
c:/program files (x86)/atollic/truestudio for arm 8.0.0/armtools/bin/../lib/gcc/arm-atollic-eabi/6.3.1/../../../../arm-atollic-eabi/lib/armv7e-m/fpu/fpv5-d16\libc_nano.a(lib_a-impure.o)
                              c:/program files (x86)/atollic/truestudio for arm 8.0.0/armtools/bin/../lib/gcc/arm-atollic-eabi/6.3.1/../../../../arm-atollic-eabi/lib/armv7e-m/fpu/fpv5-d16\libc_nano.a(lib_a-sprintf.o) (_impure_ptr)
c:/program files (x86)/atollic/truestudio for arm 8.0.0/armtools/bin/../lib/gcc/arm-atollic-eabi/6.3.1/../../../../arm-atollic-eabi/lib/armv7e-m/fpu/fpv5-d16\libc_nano.a(lib_a-nano-svfprintf.o)
                              c:/program files (x86)/atollic/truestudio for arm 8.0.0/armtools/bin/../lib/gcc/arm-atollic-eabi/6.3.1/../../../../arm-atollic-eabi/lib/armv7e-m/fpu/fpv5-d16\libc_nano.a(lib_a-sprintf.o) (_svfprintf_r)
c:/program files (x86)/atollic/truestudio for arm 8.0.0/armtools/bin/../lib/gcc/arm-atollic-eabi/6.3.1/../../../../arm-atollic-eabi/lib/armv7e-m/fpu/fpv5-d16\libc_nano.a(lib_a-nano-vfprintf_i.o)
                              c:/program files (x86)/atollic/truestudio for arm 8.0.0/armtools/bin/../lib/gcc/arm-atollic-eabi/6.3.1/../../../../arm-atollic-eabi/lib/armv7e-m/fpu/fpv5-d16\libc_nano.a(lib_a-nano-svfprintf.o) (_printf_i)
c:/program files (x86)/atollic/truestudio for arm 8.0.0/armtools/bin/../lib/gcc/arm-atollic-eabi/6.3.1/../../../../arm-atollic-eabi/lib/armv7e-m/fpu/fpv5-d16\libc_nano.a(lib_a-memchr.o)
                              c:/program files (x86)/atollic/truestudio for arm 8.0.0/armtools/bin/../lib/gcc/arm-atollic-eabi/6.3.1/../../../../arm-atollic-eabi/lib/armv7e-m/fpu/fpv5-d16\libc_nano.a(lib_a-nano-svfprintf.o) (memchr)
c:/program files (x86)/atollic/truestudio for arm 8.0.0/armtools/bin/../lib/gcc/arm-atollic-eabi/6.3.1/../../../../arm-atollic-eabi/lib/armv7e-m/fpu/fpv5-d16\libc_nano.a(lib_a-memcpy-stub.o)
                              c:/program files (x86)/atollic/truestudio for arm 8.0.0/armtools/bin/../lib/gcc/arm-atollic-eabi/6.3.1/../../../../arm-atollic-eabi/lib/armv7e-m/fpu/fpv5-d16\libc_nano.a(lib_a-nano-svfprintf.o) (memcpy)
c:/program files (x86)/atollic/truestudio for arm 8.0.0/armtools/bin/../lib/gcc/arm-atollic-eabi/6.3.1/../../../../arm-atollic-eabi/lib/armv7e-m/fpu/fpv5-d16\libc_nano.a(lib_a-memmove.o)
                              c:/program files (x86)/atollic/truestudio for arm 8.0.0/armtools/bin/../lib/gcc/arm-atollic-eabi/6.3.1/../../../../arm-atollic-eabi/lib/armv7e-m/fpu/fpv5-d16\libc_nano.a(lib_a-nano-svfprintf.o) (memmove)
c:/program files (x86)/atollic/truestudio for arm 8.0.0/armtools/bin/../lib/gcc/arm-atollic-eabi/6.3.1/../../../../arm-atollic-eabi/lib/armv7e-m/fpu/fpv5-d16\libc_nano.a(lib_a-nano-freer.o)
                              c:/program files (x86)/atollic/truestudio for arm 8.0.0/armtools/bin/../lib/gcc/arm-atollic-eabi/6.3.1/../../../../arm-atollic-eabi/lib/armv7e-m/fpu/fpv5-d16\libc_nano.a(lib_a-nano-svfprintf.o) (_free_r)
c:/program files (x86)/atollic/truestudio for arm 8.0.0/armtools/bin/../lib/gcc/arm-atollic-eabi/6.3.1/../../../../arm-atollic-eabi/lib/armv7e-m/fpu/fpv5-d16\libc_nano.a(lib_a-nano-mallocr.o)
                              c:/program files (x86)/atollic/truestudio for arm 8.0.0/armtools/bin/../lib/gcc/arm-atollic-eabi/6.3.1/../../../../arm-atollic-eabi/lib/armv7e-m/fpu/fpv5-d16\libc_nano.a(lib_a-nano-svfprintf.o) (_malloc_r)
c:/program files (x86)/atollic/truestudio for arm 8.0.0/armtools/bin/../lib/gcc/arm-atollic-eabi/6.3.1/../../../../arm-atollic-eabi/lib/armv7e-m/fpu/fpv5-d16\libc_nano.a(lib_a-nano-reallocr.o)
                              c:/program files (x86)/atollic/truestudio for arm 8.0.0/armtools/bin/../lib/gcc/arm-atollic-eabi/6.3.1/../../../../arm-atollic-eabi/lib/armv7e-m/fpu/fpv5-d16\libc_nano.a(lib_a-nano-svfprintf.o) (_realloc_r)
c:/program files (x86)/atollic/truestudio for arm 8.0.0/armtools/bin/../lib/gcc/arm-atollic-eabi/6.3.1/../../../../arm-atollic-eabi/lib/armv7e-m/fpu/fpv5-d16\libc_nano.a(lib_a-sbrkr.o)
                              c:/program files (x86)/atollic/truestudio for arm 8.0.0/armtools/bin/../lib/gcc/arm-atollic-eabi/6.3.1/../../../../arm-atollic-eabi/lib/armv7e-m/fpu/fpv5-d16\libc_nano.a(lib_a-nano-mallocr.o) (_sbrk_r)
[...]
Memory Configuration

Name             Origin             Length             Attributes
RAM              0x20000000         0x00080000         xrw
FLASH            0x08000000         0x00200000         xr
*default*        0x00000000         0xffffffff

Linker script and memory map

LOAD c:/program files (x86)/atollic/truestudio for arm 8.0.0/armtools/bin/../lib/gcc/arm-atollic-eabi/6.3.1/armv7e-m/fpu/fpv5-d16/crti.o
LOAD c:/program files (x86)/atollic/truestudio for arm 8.0.0/armtools/bin/../lib/gcc/arm-atollic-eabi/6.3.1/armv7e-m/fpu/fpv5-d16/crtbegin.o
LOAD Drivers\STM32F7xx_HAL_Driver\Src\stm32f7xx_hal.o
LOAD Drivers\STM32F7xx_HAL_Driver\Src\stm32f7xx_hal_cortex.o
LOAD Drivers\STM32F7xx_HAL_Driver\Src\stm32f7xx_hal_dma.o
LOAD Drivers\STM32F7xx_HAL_Driver\Src\stm32f7xx_hal_dma_ex.o
LOAD Drivers\STM32F7xx_HAL_Driver\Src\stm32f7xx_hal_flash.o
LOAD Drivers\STM32F7xx_HAL_Driver\Src\stm32f7xx_hal_flash_ex.o
LOAD Drivers\STM32F7xx_HAL_Driver\Src\stm32f7xx_hal_gpio.o
LOAD Drivers\STM32F7xx_HAL_Driver\Src\stm32f7xx_hal_i2c.o
LOAD Drivers\STM32F7xx_HAL_Driver\Src\stm32f7xx_hal_i2c_ex.o
LOAD Drivers\STM32F7xx_HAL_Driver\Src\stm32f7xx_hal_pwr.o
LOAD Drivers\STM32F7xx_HAL_Driver\Src\stm32f7xx_hal_pwr_ex.o
LOAD Drivers\STM32F7xx_HAL_Driver\Src\stm32f7xx_hal_rcc.o
LOAD Drivers\STM32F7xx_HAL_Driver\Src\stm32f7xx_hal_rcc_ex.o
LOAD Drivers\STM32F7xx_HAL_Driver\Src\stm32f7xx_hal_tim.o
LOAD Drivers\STM32F7xx_HAL_Driver\Src\stm32f7xx_hal_tim_ex.o
LOAD Drivers\STM32F7xx_HAL_Driver\Src\stm32f7xx_hal_uart.o
LOAD Src\main.o
LOAD Src\stm32f7xx_hal_msp.o
LOAD Src\stm32f7xx_it.o
LOAD Src\system_stm32f7xx.o
LOAD startup\startup_stm32f767xx.o
                0x00000080                malloc_getpagesize_P = 0x80
START GROUP
LOAD c:/program files (x86)/atollic/truestudio for arm 8.0.0/armtools/bin/../lib/gcc/arm-atollic-eabi/6.3.1/../../../../arm-atollic-eabi/lib/armv7e-m/fpu/fpv5-d16\libc_nano.a
LOAD c:/program files (x86)/atollic/truestudio for arm 8.0.0/armtools/bin/../lib/gcc/arm-atollic-eabi/6.3.1/../../../../arm-atollic-eabi/lib/armv7e-m/fpu/fpv5-d16\libm.a
END GROUP
START GROUP
LOAD c:/program files (x86)/atollic/truestudio for arm 8.0.0/armtools/bin/../lib/gcc/arm-atollic-eabi/6.3.1/armv7e-m/fpu/fpv5-d16\libgcc.a
LOAD c:/program files (x86)/atollic/truestudio for arm 8.0.0/armtools/bin/../lib/gcc/arm-atollic-eabi/6.3.1/../../../../arm-atollic-eabi/lib/armv7e-m/fpu/fpv5-d16\libc_nano.a
END GROUP
START GROUP
LOAD c:/program files (x86)/atollic/truestudio for arm 8.0.0/armtools/bin/../lib/gcc/arm-atollic-eabi/6.3.1/armv7e-m/fpu/fpv5-d16\libgcc.a
LOAD c:/program files (x86)/atollic/truestudio for arm 8.0.0/armtools/bin/../lib/gcc/arm-atollic-eabi/6.3.1/../../../../arm-atollic-eabi/lib/armv7e-m/fpu/fpv5-d16\libc_nano.a
LOAD c:/program files (x86)/atollic/truestudio for arm 8.0.0/armtools/bin/../lib/gcc/arm-atollic-eabi/6.3.1/../../../../arm-atollic-eabi/lib/armv7e-m/fpu/fpv5-d16\libnosys.a
END GROUP
START GROUP
LOAD c:/program files (x86)/atollic/truestudio for arm 8.0.0/armtools/bin/../lib/gcc/arm-atollic-eabi/6.3.1/armv7e-m/fpu/fpv5-d16\libgcc.a
LOAD c:/program files (x86)/atollic/truestudio for arm 8.0.0/armtools/bin/../lib/gcc/arm-atollic-eabi/6.3.1/../../../../arm-atollic-eabi/lib/armv7e-m/fpu/fpv5-d16\libc_nano.a
LOAD c:/program files (x86)/atollic/truestudio for arm 8.0.0/armtools/bin/../lib/gcc/arm-atollic-eabi/6.3.1/../../../../arm-atollic-eabi/lib/armv7e-m/fpu/fpv5-d16\libnosys.a
END GROUP
LOAD c:/program files (x86)/atollic/truestudio for arm 8.0.0/armtools/bin/../lib/gcc/arm-atollic-eabi/6.3.1/armv7e-m/fpu/fpv5-d16/crtend.o
LOAD c:/program files (x86)/atollic/truestudio for arm 8.0.0/armtools/bin/../lib/gcc/arm-atollic-eabi/6.3.1/armv7e-m/fpu/fpv5-d16/crtn.o
                0x20080000                _estack = 0x20080000
                0x00000200                _Min_Heap_Size = 0x200
                0x00000400                _Min_Stack_Size = 0x400

.isr_vector     0x08000000      0x1f8
                0x08000000                . = ALIGN (0x4)
 *(.isr_vector)
 .isr_vector    0x08000000      0x1f8 startup\startup_stm32f767xx.o
                0x08000000                g_pfnVectors
                0x080001f8                . = ALIGN (0x4)

.text           0x08000200     0x2f64
                0x08000200                . = ALIGN (0x4)
 *(.text)
 .text          0x08000200       0x40 c:/program files (x86)/atollic/truestudio for arm 8.0.0/armtools/bin/../lib/gcc/arm-atollic-eabi/6.3.1/armv7e-m/fpu/fpv5-d16/crtbegin.o
 .text          0x08000240       0xa0 c:/program files (x86)/atollic/truestudio for arm 8.0.0/armtools/bin/../lib/gcc/arm-atollic-eabi/6.3.1/../../../../arm-atollic-eabi/lib/armv7e-m/fpu/fpv5-d16\libc_nano.a(lib_a-memchr.o)
                0x08000240                memchr
 *(.text*)
 .text.HAL_InitTick
                0x080002e0       0x2c Drivers\STM32F7xx_HAL_Driver\Src\stm32f7xx_hal.o
                0x080002e0                HAL_InitTick
 .text.HAL_Init
                0x0800030c       0x16 Drivers\STM32F7xx_HAL_Driver\Src\stm32f7xx_hal.o
                0x0800030c                HAL_Init
 *fill*         0x08000322        0x2 
 .text.HAL_IncTick
                0x08000324       0x10 Drivers\STM32F7xx_HAL_Driver\Src\stm32f7xx_hal.o
                0x08000324                HAL_IncTick
 .text.HAL_GetTick
                0x08000334        0xc Drivers\STM32F7xx_HAL_Driver\Src\stm32f7xx_hal.o
                0x08000334                HAL_GetTick
 .text.HAL_Delay
                0x08000340       0x1c Drivers\STM32F7xx_HAL_Driver\Src\stm32f7xx_hal.o
                0x08000340                HAL_Delay
 .text.HAL_NVIC_SetPriorityGrouping
                0x0800035c       0x24 Drivers\STM32F7xx_HAL_Driver\Src\stm32f7xx_hal_cortex.o
                0x0800035c                HAL_NVIC_SetPriorityGrouping
 .text.HAL_NVIC_SetPriority
                0x08000380       0x60 Drivers\STM32F7xx_HAL_Driver\Src\stm32f7xx_hal_cortex.o
                0x08000380                HAL_NVIC_SetPriority
 .text.HAL_NVIC_EnableIRQ
                0x080003e0       0x18 Drivers\STM32F7xx_HAL_Driver\Src\stm32f7xx_hal_cortex.o
                0x080003e0                HAL_NVIC_EnableIRQ
 .text.HAL_SYSTICK_Config
                0x080003f8       0x2c Drivers\STM32F7xx_HAL_Driver\Src\stm32f7xx_hal_cortex.o
                0x080003f8                HAL_SYSTICK_Config
 .text.HAL_SYSTICK_CLKSourceConfig
                0x08000424       0x20 Drivers\STM32F7xx_HAL_Driver\Src\stm32f7xx_hal_cortex.o
                0x08000424                HAL_SYSTICK_CLKSourceConfig
 .text.HAL_SYSTICK_Callback
                0x08000444        0x2 Drivers\STM32F7xx_HAL_Driver\Src\stm32f7xx_hal_cortex.o
                0x08000444                HAL_SYSTICK_Callback
 .text.HAL_SYSTICK_IRQHandler
                0x08000446        0x8 Drivers\STM32F7xx_HAL_Driver\Src\stm32f7xx_hal_cortex.o
                0x08000446                HAL_SYSTICK_IRQHandler
 *fill*         0x0800044e        0x2 
 .text.HAL_GPIO_Init
                0x08000450      0x1dc Drivers\STM32F7xx_HAL_Driver\Src\stm32f7xx_hal_gpio.o
                0x08000450                HAL_GPIO_Init
 .text.HAL_GPIO_WritePin
                0x0800062c        0xc Drivers\STM32F7xx_HAL_Driver\Src\stm32f7xx_hal_gpio.o
                0x0800062c                HAL_GPIO_WritePin
 .text.HAL_GPIO_TogglePin
                0x08000638        0x8 Drivers\STM32F7xx_HAL_Driver\Src\stm32f7xx_hal_gpio.o
                0x08000638                HAL_GPIO_TogglePin
 .text.HAL_PWREx_EnableOverDrive
                0x08000640       0x7c Drivers\STM32F7xx_HAL_Driver\Src\stm32f7xx_hal_pwr_ex.o
                0x08000640                HAL_PWREx_EnableOverDrive
 .text.HAL_RCC_OscConfig
                0x080006bc      0x420 Drivers\STM32F7xx_HAL_Driver\Src\stm32f7xx_hal_rcc.o
                0x080006bc                HAL_RCC_OscConfig
 .text.HAL_RCC_GetSysClockFreq
                0x08000adc       0x88 Drivers\STM32F7xx_HAL_Driver\Src\stm32f7xx_hal_rcc.o
                0x08000adc                HAL_RCC_GetSysClockFreq
 .text.HAL_RCC_ClockConfig
                0x08000b64      0x184 Drivers\STM32F7xx_HAL_Driver\Src\stm32f7xx_hal_rcc.o
                0x08000b64                HAL_RCC_ClockConfig
 .text.HAL_RCC_GetHCLKFreq
                0x08000ce8        0xc Drivers\STM32F7xx_HAL_Driver\Src\stm32f7xx_hal_rcc.o
                0x08000ce8                HAL_RCC_GetHCLKFreq
 .text.HAL_RCC_GetPCLK1Freq
                0x08000cf4       0x2c Drivers\STM32F7xx_HAL_Driver\Src\stm32f7xx_hal_rcc.o
                0x08000cf4                HAL_RCC_GetPCLK1Freq
 .text.HAL_RCC_GetPCLK2Freq
                0x08000d20       0x2c Drivers\STM32F7xx_HAL_Driver\Src\stm32f7xx_hal_rcc.o
                0x08000d20                HAL_RCC_GetPCLK2Freq
 .text.HAL_RCCEx_PeriphCLKConfig
                0x08000d4c      0x808 Drivers\STM32F7xx_HAL_Driver\Src\stm32f7xx_hal_rcc_ex.o
                0x08000d4c                HAL_RCCEx_PeriphCLKConfig
 .text.TIM_TI1_ConfigInputStage
                0x08001554       0x26 Drivers\STM32F7xx_HAL_Driver\Src\stm32f7xx_hal_tim.o
 .text.TIM_TI2_ConfigInputStage
                0x0800157a       0x28 Drivers\STM32F7xx_HAL_Driver\Src\stm32f7xx_hal_tim.o
 .text.TIM_ITRx_SetConfig
                0x080015a2       0x10 Drivers\STM32F7xx_HAL_Driver\Src\stm32f7xx_hal_tim.o
 .text.HAL_TIM_Base_Start
                0x080015b2       0x1a Drivers\STM32F7xx_HAL_Driver\Src\stm32f7xx_hal_tim.o
                0x080015b2                HAL_TIM_Base_Start
 .text.HAL_TIM_Base_Start_IT
                0x080015cc       0x18 Drivers\STM32F7xx_HAL_Driver\Src\stm32f7xx_hal_tim.o
                0x080015cc                HAL_TIM_Base_Start_IT
 .text.HAL_TIM_PeriodElapsedCallback
                0x080015e4        0x2 Drivers\STM32F7xx_HAL_Driver\Src\stm32f7xx_hal_tim.o
                0x080015e4                HAL_TIM_PeriodElapsedCallback
 .text.HAL_TIM_OC_DelayElapsedCallback
                0x080015e6        0x2 Drivers\STM32F7xx_HAL_Driver\Src\stm32f7xx_hal_tim.o
                0x080015e6                HAL_TIM_OC_DelayElapsedCallback
 .text.HAL_TIM_IC_CaptureCallback
                0x080015e8        0x2 Drivers\STM32F7xx_HAL_Driver\Src\stm32f7xx_hal_tim.o
                0x080015e8                HAL_TIM_IC_CaptureCallback
 .text.HAL_TIM_PWM_PulseFinishedCallback
                0x080015ea        0x2 Drivers\STM32F7xx_HAL_Driver\Src\stm32f7xx_hal_tim.o
                0x080015ea                HAL_TIM_PWM_PulseFinishedCallback
 .text.HAL_TIM_TriggerCallback
                0x080015ec        0x2 Drivers\STM32F7xx_HAL_Driver\Src\stm32f7xx_hal_tim.o
                0x080015ec                HAL_TIM_TriggerCallback
 .text.HAL_TIM_IRQHandler
                0x080015ee      0x19a Drivers\STM32F7xx_HAL_Driver\Src\stm32f7xx_hal_tim.o
                0x080015ee                HAL_TIM_IRQHandler
 .text.TIM_Base_SetConfig
                0x08001788      0x140 Drivers\STM32F7xx_HAL_Driver\Src\stm32f7xx_hal_tim.o
                0x08001788                TIM_Base_SetConfig
 .text.HAL_TIM_Base_Init
                0x080018c8       0x32 Drivers\STM32F7xx_HAL_Driver\Src\stm32f7xx_hal_tim.o
                0x080018c8                HAL_TIM_Base_Init
 .text.TIM_ETR_SetConfig
                0x080018fa       0x18 Drivers\STM32F7xx_HAL_Driver\Src\stm32f7xx_hal_tim.o
                0x080018fa                TIM_ETR_SetConfig
 *fill*         0x08001912        0x2 
 .text.HAL_TIM_ConfigClockSource
                0x08001914      0x114 Drivers\STM32F7xx_HAL_Driver\Src\stm32f7xx_hal_tim.o
                0x08001914                HAL_TIM_ConfigClockSource
 .text.HAL_TIMEx_MasterConfigSynchronization
                0x08001a28       0x58 Drivers\STM32F7xx_HAL_Driver\Src\stm32f7xx_hal_tim_ex.o
                0x08001a28                HAL_TIMEx_MasterConfigSynchronization
 .text.HAL_TIMEx_CommutationCallback
                0x08001a80        0x2 Drivers\STM32F7xx_HAL_Driver\Src\stm32f7xx_hal_tim_ex.o
                0x08001a80                HAL_TIMEx_CommutationCallback
 .text.HAL_TIMEx_BreakCallback
                0x08001a82        0x2 Drivers\STM32F7xx_HAL_Driver\Src\stm32f7xx_hal_tim_ex.o
                0x08001a82                HAL_TIMEx_BreakCallback
 .text.UART_WaitOnFlagUntilTimeout
                0x08001a84       0x64 Drivers\STM32F7xx_HAL_Driver\Src\stm32f7xx_hal_uart.o
                0x08001a84                UART_WaitOnFlagUntilTimeout
 .text.HAL_UART_Transmit
                0x08001ae8       0xcc Drivers\STM32F7xx_HAL_Driver\Src\stm32f7xx_hal_uart.o
                0x08001ae8                HAL_UART_Transmit
 .text.UART_SetConfig
                0x08001bb4      0x360 Drivers\STM32F7xx_HAL_Driver\Src\stm32f7xx_hal_uart.o
                0x08001bb4                UART_SetConfig
 .text.UART_AdvFeatureConfig
                0x08001f14       0xca Drivers\STM32F7xx_HAL_Driver\Src\stm32f7xx_hal_uart.o
                0x08001f14                UART_AdvFeatureConfig
 .text.UART_CheckIdleState
                0x08001fde       0x48 Drivers\STM32F7xx_HAL_Driver\Src\stm32f7xx_hal_uart.o
                0x08001fde                UART_CheckIdleState
 .text.HAL_UART_Init
                0x08002026       0x68 Drivers\STM32F7xx_HAL_Driver\Src\stm32f7xx_hal_uart.o
                0x08002026                HAL_UART_Init
 *fill*         0x0800208e        0x2 
 .text.MX_GPIO_Init
                0x08002090      0x1a8 Src\main.o
 .text.CounterClear
                0x08002238       0x12 Src\main.o
                0x08002238                CounterClear
 .text._Error_Handler
                0x0800224a        0x2 Src\main.o
                0x0800224a                _Error_Handler
 .text.MX_TIM3_Init
                0x0800224c       0x74 Src\main.o
 .text.MX_TIM1_Init
                0x080022c0       0x7c Src\main.o
 .text.MX_USART3_UART_Init
                0x0800233c       0x40 Src\main.o
 .text.MX_TIM8_Init
                0x0800237c       0x7c Src\main.o
 .text.SystemClock_Config
                0x080023f8       0xe4 Src\main.o
                0x080023f8                SystemClock_Config
 .text.main     0x080024dc      0x160 Src\main.o
                0x080024dc                main
 .text.HAL_MspInit
                0x0800263c       0x5e Src\stm32f7xx_hal_msp.o
                0x0800263c                HAL_MspInit
 *fill*         0x0800269a        0x2 
 .text.HAL_TIM_Base_MspInit
                0x0800269c       0xc0 Src\stm32f7xx_hal_msp.o
                0x0800269c                HAL_TIM_Base_MspInit
 .text.HAL_UART_MspInit
                0x0800275c       0x50 Src\stm32f7xx_hal_msp.o
                0x0800275c                HAL_UART_MspInit
 .text.SysTick_Handler
                0x080027ac       0x28 Src\stm32f7xx_it.o
                0x080027ac                SysTick_Handler
 .text.TIM3_IRQHandler
                0x080027d4       0x34 Src\stm32f7xx_it.o
                0x080027d4                TIM3_IRQHandler
 .text.SystemInit
                0x08002808       0x50 Src\system_stm32f7xx.o
                0x08002808                SystemInit
 .text.Reset_Handler
                0x08002858       0x50 startup\startup_stm32f767xx.o
                0x08002858                Reset_Handler
 .text.Default_Handler
                0x080028a8        0x2 startup\startup_stm32f767xx.o
                0x080028a8                RTC_Alarm_IRQHandler
                0x080028a8                EXTI2_IRQHandler
                0x080028a8                TIM8_CC_IRQHandler
                0x080028a8                DebugMon_Handler
                0x080028a8                UART8_IRQHandler
                0x080028a8                SPI4_IRQHandler
                0x080028a8                TIM1_CC_IRQHandler
                0x080028a8                DMA2_Stream5_IRQHandler
                0x080028a8                HardFault_Handler
                0x080028a8                JPEG_IRQHandler
                0x080028a8                DMA1_Stream5_IRQHandler
                0x080028a8                CAN3_RX1_IRQHandler
                0x080028a8                PVD_IRQHandler
                0x080028a8                TAMP_STAMP_IRQHandler
                0x080028a8                PendSV_Handler
                0x080028a8                NMI_Handler
                0x080028a8                CAN2_RX1_IRQHandler
                0x080028a8                EXTI3_IRQHandler
                0x080028a8                TIM8_TRG_COM_TIM14_IRQHandler
                0x080028a8                DFSDM1_FLT1_IRQHandler
                0x080028a8                TIM1_UP_TIM10_IRQHandler
                0x080028a8                TIM8_UP_TIM13_IRQHandler
                0x080028a8                I2C3_ER_IRQHandler
                0x080028a8                DFSDM1_FLT2_IRQHandler
                0x080028a8                EXTI0_IRQHandler
                0x080028a8                I2C2_EV_IRQHandler
                0x080028a8                DMA1_Stream2_IRQHandler
                0x080028a8                CAN1_RX0_IRQHandler
                0x080028a8                FPU_IRQHandler
                0x080028a8                OTG_HS_WKUP_IRQHandler
                0x080028a8                CAN3_SCE_IRQHandler
                0x080028a8                UsageFault_Handler
                0x080028a8                LTDC_ER_IRQHandler
                0x080028a8                CAN2_SCE_IRQHandler
                0x080028a8                DMA2_Stream2_IRQHandler
                0x080028a8                SPI1_IRQHandler
                0x080028a8                TIM6_DAC_IRQHandler
                0x080028a8                TIM1_BRK_TIM9_IRQHandler
                0x080028a8                DCMI_IRQHandler
                0x080028a8                CAN2_RX0_IRQHandler
                0x080028a8                DMA2_Stream3_IRQHandler
                0x080028a8                SAI2_IRQHandler
                0x080028a8                DFSDM1_FLT3_IRQHandler
                0x080028a8                USART6_IRQHandler
                0x080028a8                CAN3_RX0_IRQHandler
                0x080028a8                USART3_IRQHandler
                0x080028a8                CAN1_RX1_IRQHandler
                0x080028a8                UART5_IRQHandler
                0x080028a8                DMA2_Stream0_IRQHandler
                0x080028a8                TIM4_IRQHandler
                0x080028a8                QUADSPI_IRQHandler
                0x080028a8                I2C1_EV_IRQHandler
                0x080028a8                DMA1_Stream6_IRQHandler
                0x080028a8                DMA1_Stream1_IRQHandler
                0x080028a8                UART4_IRQHandler
                0x080028a8                RCC_IRQHandler
                0x080028a8                TIM8_BRK_TIM12_IRQHandler
                0x080028a8                Default_Handler
                0x080028a8                CEC_IRQHandler
                0x080028a8                EXTI15_10_IRQHandler
                0x080028a8                ADC_IRQHandler
                0x080028a8                DMA1_Stream7_IRQHandler
                0x080028a8                SPI5_IRQHandler
                0x080028a8                TIM7_IRQHandler
                0x080028a8                SDMMC1_IRQHandler
                0x080028a8                CAN2_TX_IRQHandler
                0x080028a8                TIM5_IRQHandler
                0x080028a8                DMA2_Stream7_IRQHandler
                0x080028a8                I2C3_EV_IRQHandler
                0x080028a8                EXTI9_5_IRQHandler
                0x080028a8                RTC_WKUP_IRQHandler
                0x080028a8                LTDC_IRQHandler
                0x080028a8                ETH_WKUP_IRQHandler
                0x080028a8                SPDIF_RX_IRQHandler
                0x080028a8                SPI2_IRQHandler
                0x080028a8                OTG_HS_EP1_IN_IRQHandler
                0x080028a8                MemManage_Handler
                0x080028a8                DMA1_Stream0_IRQHandler
                0x080028a8                CAN1_TX_IRQHandler
                0x080028a8                SVC_Handler
                0x080028a8                EXTI4_IRQHandler
                0x080028a8                RNG_IRQHandler
                0x080028a8                ETH_IRQHandler
                0x080028a8                OTG_HS_EP1_OUT_IRQHandler
                0x080028a8                WWDG_IRQHandler
                0x080028a8                SPI6_IRQHandler
                0x080028a8                MDIOS_IRQHandler
                0x080028a8                I2C4_EV_IRQHandler
                0x080028a8                CAN3_TX_IRQHandler
                0x080028a8                TIM2_IRQHandler
                0x080028a8                OTG_FS_WKUP_IRQHandler
                0x080028a8                TIM1_TRG_COM_TIM11_IRQHandler
                0x080028a8                OTG_HS_IRQHandler
                0x080028a8                DMA2D_IRQHandler
                0x080028a8                EXTI1_IRQHandler
                0x080028a8                SDMMC2_IRQHandler
                0x080028a8                UART7_IRQHandler
                0x080028a8                USART2_IRQHandler
                0x080028a8                DFSDM1_FLT0_IRQHandler
                0x080028a8                I2C2_ER_IRQHandler
                0x080028a8                DMA2_Stream1_IRQHandler
                0x080028a8                CAN1_SCE_IRQHandler
                0x080028a8                FLASH_IRQHandler
                0x080028a8                DMA2_Stream4_IRQHandler
                0x080028a8                BusFault_Handler
                0x080028a8                USART1_IRQHandler
                0x080028a8                OTG_FS_IRQHandler
                0x080028a8                SPI3_IRQHandler
                0x080028a8                DMA1_Stream4_IRQHandler
                0x080028a8                I2C1_ER_IRQHandler
                0x080028a8                FMC_IRQHandler
                0x080028a8                LPTIM1_IRQHandler
                0x080028a8                I2C4_ER_IRQHandler
                0x080028a8                DMA2_Stream6_IRQHandler
                0x080028a8                SAI1_IRQHandler
                0x080028a8                DMA1_Stream3_IRQHandler
 *fill*         0x080028aa        0x2 
 .text.__libc_init_array
                0x080028ac       0x48 c:/program files (x86)/atollic/truestudio for arm 8.0.0/armtools/bin/../lib/gcc/arm-atollic-eabi/6.3.1/../../../../arm-atollic-eabi/lib/armv7e-m/fpu/fpv5-d16\libc_nano.a(lib_a-init.o)
                0x080028ac                __libc_init_array
 .text.sprintf  0x080028f4       0x48 c:/program files (x86)/atollic/truestudio for arm 8.0.0/armtools/bin/../lib/gcc/arm-atollic-eabi/6.3.1/../../../../arm-atollic-eabi/lib/armv7e-m/fpu/fpv5-d16\libc_nano.a(lib_a-sprintf.o)
                0x080028f4                siprintf
                0x080028f4                sprintf
 .text.__ssputs_r
                0x0800293c       0xb6 c:/program files (x86)/atollic/truestudio for arm 8.0.0/armtools/bin/../lib/gcc/arm-atollic-eabi/6.3.1/../../../../arm-atollic-eabi/lib/armv7e-m/fpu/fpv5-d16\libc_nano.a(lib_a-nano-svfprintf.o)
                0x0800293c                __ssputs_r
 *fill*         0x080029f2        0x2 
 .text._svfprintf_r
                0x080029f4      0x1e8 c:/program files (x86)/atollic/truestudio for arm 8.0.0/armtools/bin/../lib/gcc/arm-atollic-eabi/6.3.1/../../../../arm-atollic-eabi/lib/armv7e-m/fpu/fpv5-d16\libc_nano.a(lib_a-nano-svfprintf.o)
                0x080029f4                _svfiprintf_r
                0x080029f4                _svfprintf_r
 .text._printf_common
                0x08002bdc       0xec c:/program files (x86)/atollic/truestudio for arm 8.0.0/armtools/bin/../lib/gcc/arm-atollic-eabi/6.3.1/../../../../arm-atollic-eabi/lib/armv7e-m/fpu/fpv5-d16\libc_nano.a(lib_a-nano-vfprintf_i.o)
                0x08002bdc                _printf_common
 .text._printf_i
                0x08002cc8      0x240 c:/program files (x86)/atollic/truestudio for arm 8.0.0/armtools/bin/../lib/gcc/arm-atollic-eabi/6.3.1/../../../../arm-atollic-eabi/lib/armv7e-m/fpu/fpv5-d16\libc_nano.a(lib_a-nano-vfprintf_i.o)
                0x08002cc8                _printf_i
 .text.memcpy   0x08002f08       0x16 c:/program files (x86)/atollic/truestudio for arm 8.0.0/armtools/bin/../lib/gcc/arm-atollic-eabi/6.3.1/../../../../arm-atollic-eabi/lib/armv7e-m/fpu/fpv5-d16\libc_nano.a(lib_a-memcpy-stub.o)
                0x08002f08                memcpy
 .text.memmove  0x08002f1e       0x34 c:/program files (x86)/atollic/truestudio for arm 8.0.0/armtools/bin/../lib/gcc/arm-atollic-eabi/6.3.1/../../../../arm-atollic-eabi/lib/armv7e-m/fpu/fpv5-d16\libc_nano.a(lib_a-memmove.o)
                0x08002f1e                memmove
 *fill*         0x08002f52        0x2 
 .text._free_r  0x08002f54       0x9c c:/program files (x86)/atollic/truestudio for arm 8.0.0/armtools/bin/../lib/gcc/arm-atollic-eabi/6.3.1/../../../../arm-atollic-eabi/lib/armv7e-m/fpu/fpv5-d16\libc_nano.a(lib_a-nano-freer.o)
                0x08002f54                _free_r
 .text._malloc_r
                0x08002ff0       0xbc c:/program files (x86)/atollic/truestudio for arm 8.0.0/armtools/bin/../lib/gcc/arm-atollic-eabi/6.3.1/../../../../arm-atollic-eabi/lib/armv7e-m/fpu/fpv5-d16\libc_nano.a(lib_a-nano-mallocr.o)
                0x08002ff0                _malloc_r
 .text._realloc_r
                0x080030ac       0x4c c:/program files (x86)/atollic/truestudio for arm 8.0.0/armtools/bin/../lib/gcc/arm-atollic-eabi/6.3.1/../../../../arm-atollic-eabi/lib/armv7e-m/fpu/fpv5-d16\libc_nano.a(lib_a-nano-reallocr.o)
                0x080030ac                _realloc_r
 .text._sbrk_r  0x080030f8       0x20 c:/program files (x86)/atollic/truestudio for arm 8.0.0/armtools/bin/../lib/gcc/arm-atollic-eabi/6.3.1/../../../../arm-atollic-eabi/lib/armv7e-m/fpu/fpv5-d16\libc_nano.a(lib_a-sbrkr.o)
                0x080030f8                _sbrk_r
 .text.__malloc_lock
                0x08003118        0x2 c:/program files (x86)/atollic/truestudio for arm 8.0.0/armtools/bin/../lib/gcc/arm-atollic-eabi/6.3.1/../../../../arm-atollic-eabi/lib/armv7e-m/fpu/fpv5-d16\libc_nano.a(lib_a-mlock.o)
                0x08003118                __malloc_lock
 .text.__malloc_unlock
                0x0800311a        0x2 c:/program files (x86)/atollic/truestudio for arm 8.0.0/armtools/bin/../lib/gcc/arm-atollic-eabi/6.3.1/../../../../arm-atollic-eabi/lib/armv7e-m/fpu/fpv5-d16\libc_nano.a(lib_a-mlock.o)
                0x0800311a                __malloc_unlock
 .text._malloc_usable_size_r
                0x0800311c       0x12 c:/program files (x86)/atollic/truestudio for arm 8.0.0/armtools/bin/../lib/gcc/arm-atollic-eabi/6.3.1/../../../../arm-atollic-eabi/lib/armv7e-m/fpu/fpv5-d16\libc_nano.a(lib_a-nano-msizer.o)
                0x0800311c                _malloc_usable_size_r
 *fill*         0x0800312e        0x2 
 .text._sbrk    0x08003130       0x1c c:/program files (x86)/atollic/truestudio for arm 8.0.0/armtools/bin/../lib/gcc/arm-atollic-eabi/6.3.1/../../../../arm-atollic-eabi/lib/armv7e-m/fpu/fpv5-d16\libnosys.a(sbrk.o)
                0x08003130                _sbrk
 *(.glue_7)
 .glue_7        0x0800314c        0x0 linker stubs
 *(.glue_7t)
 .glue_7t       0x0800314c        0x0 linker stubs
 *(.eh_frame)
 .eh_frame      0x0800314c        0x0 c:/program files (x86)/atollic/truestudio for arm 8.0.0/armtools/bin/../lib/gcc/arm-atollic-eabi/6.3.1/armv7e-m/fpu/fpv5-d16/crtbegin.o
 *(.init)
 .init          0x0800314c        0x4 c:/program files (x86)/atollic/truestudio for arm 8.0.0/armtools/bin/../lib/gcc/arm-atollic-eabi/6.3.1/armv7e-m/fpu/fpv5-d16/crti.o
                0x0800314c                _init
 .init          0x08003150        0x8 c:/program files (x86)/atollic/truestudio for arm 8.0.0/armtools/bin/../lib/gcc/arm-atollic-eabi/6.3.1/armv7e-m/fpu/fpv5-d16/crtn.o
 *(.fini)
 .fini          0x08003158        0x4 c:/program files (x86)/atollic/truestudio for arm 8.0.0/armtools/bin/../lib/gcc/arm-atollic-eabi/6.3.1/armv7e-m/fpu/fpv5-d16/crti.o
                0x08003158                _fini
 .fini          0x0800315c        0x8 c:/program files (x86)/atollic/truestudio for arm 8.0.0/armtools/bin/../lib/gcc/arm-atollic-eabi/6.3.1/armv7e-m/fpu/fpv5-d16/crtn.o
                0x08003164                . = ALIGN (0x4)
                0x08003164                _etext = .

.vfp11_veneer   0x08003164        0x0
 .vfp11_veneer  0x08003164        0x0 linker stubs

.v4_bx          0x08003164        0x0
 .v4_bx         0x08003164        0x0 linker stubs

.iplt           0x08003164        0x0
 .iplt          0x08003164        0x0 c:/program files (x86)/atollic/truestudio for arm 8.0.0/armtools/bin/../lib/gcc/arm-atollic-eabi/6.3.1/armv7e-m/fpu/fpv5-d16/crtbegin.o

.rodata         0x08003164       0x60
                0x08003164                . = ALIGN (0x4)
 *(.rodata)
 .rodata        0x08003164       0x18 Src\system_stm32f7xx.o
                0x08003164                AHBPrescTable
                0x08003174                APBPrescTable
 *(.rodata*)
 .rodata.str1.4
                0x0800317c       0x14 Src\main.o
 .rodata._svfprintf_r.str1.1
                0x08003190       0x11 c:/program files (x86)/atollic/truestudio for arm 8.0.0/armtools/bin/../lib/gcc/arm-atollic-eabi/6.3.1/../../../../arm-atollic-eabi/lib/armv7e-m/fpu/fpv5-d16\libc_nano.a(lib_a-nano-svfprintf.o)
 .rodata._printf_i.str1.1
                0x080031a1       0x22 c:/program files (x86)/atollic/truestudio for arm 8.0.0/armtools/bin/../lib/gcc/arm-atollic-eabi/6.3.1/../../../../arm-atollic-eabi/lib/armv7e-m/fpu/fpv5-d16\libc_nano.a(lib_a-nano-vfprintf_i.o)
                0x080031c4                . = ALIGN (0x4)
 *fill*         0x080031c3        0x1 

.rel.dyn        0x080031c4        0x0
 .rel.iplt      0x080031c4        0x0 c:/program files (x86)/atollic/truestudio for arm 8.0.0/armtools/bin/../lib/gcc/arm-atollic-eabi/6.3.1/armv7e-m/fpu/fpv5-d16/crtbegin.o

.ARM.extab
 *(.ARM.extab* .gnu.linkonce.armextab.*)

.ARM            0x080031c4        0x0
                0x080031c4                __exidx_start = .
 *(.ARM.exidx*)
                0x080031c4                __exidx_end = .

.preinit_array  0x080031c4        0x0
                0x080031c4                PROVIDE (__preinit_array_start, .)
 *(.preinit_array*)
                0x080031c4                PROVIDE (__preinit_array_end, .)

.init_array     0x080031c4        0x4
                0x080031c4                PROVIDE (__init_array_start, .)
 *(SORT(.init_array.*))
 *(.init_array*)
 .init_array    0x080031c4        0x4 c:/program files (x86)/atollic/truestudio for arm 8.0.0/armtools/bin/../lib/gcc/arm-atollic-eabi/6.3.1/armv7e-m/fpu/fpv5-d16/crtbegin.o
                0x080031c8                PROVIDE (__init_array_end, .)

.fini_array     0x080031c8        0x4
                [!provide]                PROVIDE (__fini_array_start, .)
 *(SORT(.fini_array.*))
 *(.fini_array*)
 .fini_array    0x080031c8        0x4 c:/program files (x86)/atollic/truestudio for arm 8.0.0/armtools/bin/../lib/gcc/arm-atollic-eabi/6.3.1/armv7e-m/fpu/fpv5-d16/crtbegin.o
                [!provide]                PROVIDE (__fini_array_end, .)
                0x080031cc                _sidata = LOADADDR (.data)

.data           0x20000000       0x88 load address 0x080031cc
                0x20000000                . = ALIGN (0x4)
                0x20000000                _sdata = .
 *(.data)
 .data          0x20000000       0x1e Src\main.o
                0x20000000                Intro1
                0x20000010                Intro2
 *fill*         0x2000001e        0x2 
 .data          0x20000020        0x4 Src\system_stm32f7xx.o
                0x20000020                SystemCoreClock
 *(.data*)
 .data._impure_ptr
                0x20000024        0x4 c:/program files (x86)/atollic/truestudio for arm 8.0.0/armtools/bin/../lib/gcc/arm-atollic-eabi/6.3.1/../../../../arm-atollic-eabi/lib/armv7e-m/fpu/fpv5-d16\libc_nano.a(lib_a-impure.o)
                0x20000024                _impure_ptr
 .data.impure_data
                0x20000028       0x60 c:/program files (x86)/atollic/truestudio for arm 8.0.0/armtools/bin/../lib/gcc/arm-atollic-eabi/6.3.1/../../../../arm-atollic-eabi/lib/armv7e-m/fpu/fpv5-d16\libc_nano.a(lib_a-impure.o)
                0x20000088                . = ALIGN (0x4)
                0x20000088                _edata = .

.igot.plt       0x20000088        0x0 load address 0x08003254
 .igot.plt      0x20000088        0x0 c:/program files (x86)/atollic/truestudio for arm 8.0.0/armtools/bin/../lib/gcc/arm-atollic-eabi/6.3.1/armv7e-m/fpu/fpv5-d16/crtbegin.o
                0x20000088                . = ALIGN (0x4)

.bss            0x20000088      0x1b0 load address 0x08003254
                0x20000088                _sbss = .
                0x20000088                __bss_start__ = _sbss
 *(.bss)
 .bss           0x20000088       0x1c c:/program files (x86)/atollic/truestudio for arm 8.0.0/armtools/bin/../lib/gcc/arm-atollic-eabi/6.3.1/armv7e-m/fpu/fpv5-d16/crtbegin.o
 .bss           0x200000a4       0x18 Src\main.o
                0x200000a4                CNT_C1
                0x200000a8                CNT_C2
                0x200000ac                CNT_P1
                0x200000b0                CNT_P2
                0x200000b4                Channel1Send
                0x200000b8                Channel2Send
 .bss           0x200000bc       0x10 Src\stm32f7xx_it.o
                0x200000bc                watch1
                0x200000c0                watch2
                0x200000c4                SecCount
                0x200000c8                msFlag
 *(.bss*)
 .bss.__malloc_free_list
                0x200000cc        0x4 c:/program files (x86)/atollic/truestudio for arm 8.0.0/armtools/bin/../lib/gcc/arm-atollic-eabi/6.3.1/../../../../arm-atollic-eabi/lib/armv7e-m/fpu/fpv5-d16\libc_nano.a(lib_a-nano-mallocr.o)
                0x200000cc                __malloc_free_list
 .bss.__malloc_sbrk_start
                0x200000d0        0x4 c:/program files (x86)/atollic/truestudio for arm 8.0.0/armtools/bin/../lib/gcc/arm-atollic-eabi/6.3.1/../../../../arm-atollic-eabi/lib/armv7e-m/fpu/fpv5-d16\libc_nano.a(lib_a-nano-mallocr.o)
                0x200000d0                __malloc_sbrk_start
 .bss.heap_end.5239
                0x200000d4        0x4 c:/program files (x86)/atollic/truestudio for arm 8.0.0/armtools/bin/../lib/gcc/arm-atollic-eabi/6.3.1/../../../../arm-atollic-eabi/lib/armv7e-m/fpu/fpv5-d16\libnosys.a(sbrk.o)
 *(COMMON)
 COMMON         0x200000d8        0x4 Drivers\STM32F7xx_HAL_Driver\Src\stm32f7xx_hal.o
                0x200000d8                uwTick
 COMMON         0x200000dc      0x156 Src\main.o
                0x200000dc                GlobalCount1
                0x200000e0                htim8
                0x20000120                huart3
                0x20000190                CNT_DIF1
                0x20000194                htim3
                0x200001d4                CNT_DIF2
                0x200001d8                Counter1
                0x200001e4                htim1
                0x20000224                GlobalCount2
                0x20000228                Counter2
 *fill*         0x20000232        0x2 
 COMMON         0x20000234        0x4 c:/program files (x86)/atollic/truestudio for arm 8.0.0/armtools/bin/../lib/gcc/arm-atollic-eabi/6.3.1/../../../../arm-atollic-eabi/lib/armv7e-m/fpu/fpv5-d16\libc_nano.a(lib_a-reent.o)
                0x20000234                errno
                0x20000238                . = ALIGN (0x4)
                0x20000238                _ebss = .
                0x20000238                __bss_end__ = _ebss

._user_heap_stack
                0x20000238      0x600 load address 0x08003254
                0x20000238                . = ALIGN (0x4)
                0x20000238                PROVIDE (end, .)
                [!provide]                PROVIDE (_end, .)
                0x20000438                . = (. + _Min_Heap_Size)
 *fill*         0x20000238      0x200 
                0x20000838                . = (. + _Min_Stack_Size)
 *fill*         0x20000438      0x400 
                0x20000838                . = ALIGN (0x4)

/DISCARD/
 libc.a(*)
 libm.a(*)
 libgcc.a(*)

.ARM.attributes
                0x00000000       0x2e
 *(.ARM.attributes)
 .ARM.attributes
                0x00000000       0x20 c:/program files (x86)/atollic/truestudio for arm 8.0.0/armtools/bin/../lib/gcc/arm-atollic-eabi/6.3.1/armv7e-m/fpu/fpv5-d16/crti.o
 .ARM.attributes
                0x00000020       0x32 c:/program files (x86)/atollic/truestudio for arm 8.0.0/armtools/bin/../lib/gcc/arm-atollic-eabi/6.3.1/armv7e-m/fpu/fpv5-d16/crtbegin.o
 .ARM.attributes
                0x00000052       0x37 Drivers\STM32F7xx_HAL_Driver\Src\stm32f7xx_hal.o
 .ARM.attributes
                0x00000089       0x37 Drivers\STM32F7xx_HAL_Driver\Src\stm32f7xx_hal_cortex.o
 .ARM.attributes
                0x000000c0       0x37 Drivers\STM32F7xx_HAL_Driver\Src\stm32f7xx_hal_gpio.o
 .ARM.attributes
                0x000000f7       0x37 Drivers\STM32F7xx_HAL_Driver\Src\stm32f7xx_hal_pwr_ex.o
 .ARM.attributes
                0x0000012e       0x37 Drivers\STM32F7xx_HAL_Driver\Src\stm32f7xx_hal_rcc.o
 .ARM.attributes
                0x00000165       0x37 Drivers\STM32F7xx_HAL_Driver\Src\stm32f7xx_hal_rcc_ex.o
 .ARM.attributes
                0x0000019c       0x37 Drivers\STM32F7xx_HAL_Driver\Src\stm32f7xx_hal_tim.o
 .ARM.attributes
                0x000001d3       0x37 Drivers\STM32F7xx_HAL_Driver\Src\stm32f7xx_hal_tim_ex.o
 .ARM.attributes
                0x0000020a       0x37 Drivers\STM32F7xx_HAL_Driver\Src\stm32f7xx_hal_uart.o
 .ARM.attributes
                0x00000241       0x37 Src\main.o
 .ARM.attributes
                0x00000278       0x37 Src\stm32f7xx_hal_msp.o
 .ARM.attributes
                0x000002af       0x37 Src\stm32f7xx_it.o
 .ARM.attributes
                0x000002e6       0x37 Src\system_stm32f7xx.o
 .ARM.attributes
                0x0000031d       0x21 startup\startup_stm32f767xx.o
 .ARM.attributes
                0x0000033e       0x32 c:/program files (x86)/atollic/truestudio for arm 8.0.0/armtools/bin/../lib/gcc/arm-atollic-eabi/6.3.1/../../../../arm-atollic-eabi/lib/armv7e-m/fpu/fpv5-d16\libc_nano.a(lib_a-init.o)
 .ARM.attributes
                0x00000370       0x32 c:/program files (x86)/atollic/truestudio for arm 8.0.0/armtools/bin/../lib/gcc/arm-atollic-eabi/6.3.1/../../../../arm-atollic-eabi/lib/armv7e-m/fpu/fpv5-d16\libc_nano.a(lib_a-sprintf.o)
 .ARM.attributes
                0x000003a2       0x32 c:/program files (x86)/atollic/truestudio for arm 8.0.0/armtools/bin/../lib/gcc/arm-atollic-eabi/6.3.1/../../../../arm-atollic-eabi/lib/armv7e-m/fpu/fpv5-d16\libc_nano.a(lib_a-impure.o)
 .ARM.attributes
                0x000003d4       0x32 c:/program files (x86)/atollic/truestudio for arm 8.0.0/armtools/bin/../lib/gcc/arm-atollic-eabi/6.3.1/../../../../arm-atollic-eabi/lib/armv7e-m/fpu/fpv5-d16\libc_nano.a(lib_a-nano-svfprintf.o)
 .ARM.attributes
                0x00000406       0x32 c:/program files (x86)/atollic/truestudio for arm 8.0.0/armtools/bin/../lib/gcc/arm-atollic-eabi/6.3.1/../../../../arm-atollic-eabi/lib/armv7e-m/fpu/fpv5-d16\libc_nano.a(lib_a-nano-vfprintf_i.o)
 .ARM.attributes
                0x00000438       0x1e c:/program files (x86)/atollic/truestudio for arm 8.0.0/armtools/bin/../lib/gcc/arm-atollic-eabi/6.3.1/../../../../arm-atollic-eabi/lib/armv7e-m/fpu/fpv5-d16\libc_nano.a(lib_a-memchr.o)
 .ARM.attributes
                0x00000456       0x32 c:/program files (x86)/atollic/truestudio for arm 8.0.0/armtools/bin/../lib/gcc/arm-atollic-eabi/6.3.1/../../../../arm-atollic-eabi/lib/armv7e-m/fpu/fpv5-d16\libc_nano.a(lib_a-memcpy-stub.o)
 .ARM.attributes
                0x00000488       0x32 c:/program files (x86)/atollic/truestudio for arm 8.0.0/armtools/bin/../lib/gcc/arm-atollic-eabi/6.3.1/../../../../arm-atollic-eabi/lib/armv7e-m/fpu/fpv5-d16\libc_nano.a(lib_a-memmove.o)
 .ARM.attributes
                0x000004ba       0x32 c:/program files (x86)/atollic/truestudio for arm 8.0.0/armtools/bin/../lib/gcc/arm-atollic-eabi/6.3.1/../../../../arm-atollic-eabi/lib/armv7e-m/fpu/fpv5-d16\libc_nano.a(lib_a-nano-freer.o)
 .ARM.attributes
                0x000004ec       0x32 c:/program files (x86)/atollic/truestudio for arm 8.0.0/armtools/bin/../lib/gcc/arm-atollic-eabi/6.3.1/../../../../arm-atollic-eabi/lib/armv7e-m/fpu/fpv5-d16\libc_nano.a(lib_a-nano-mallocr.o)
 .ARM.attributes
                0x0000051e       0x32 c:/program files (x86)/atollic/truestudio for arm 8.0.0/armtools/bin/../lib/gcc/arm-atollic-eabi/6.3.1/../../../../arm-atollic-eabi/lib/armv7e-m/fpu/fpv5-d16\libc_nano.a(lib_a-nano-reallocr.o)
 .ARM.attributes
                0x00000550       0x32 c:/program files (x86)/atollic/truestudio for arm 8.0.0/armtools/bin/../lib/gcc/arm-atollic-eabi/6.3.1/../../../../arm-atollic-eabi/lib/armv7e-m/fpu/fpv5-d16\libc_nano.a(lib_a-sbrkr.o)
 .ARM.attributes
                0x00000582       0x32 c:/program files (x86)/atollic/truestudio for arm 8.0.0/armtools/bin/../lib/gcc/arm-atollic-eabi/6.3.1/../../../../arm-atollic-eabi/lib/armv7e-m/fpu/fpv5-d16\libc_nano.a(lib_a-mlock.o)
 .ARM.attributes
                0x000005b4       0x32 c:/program files (x86)/atollic/truestudio for arm 8.0.0/armtools/bin/../lib/gcc/arm-atollic-eabi/6.3.1/../../../../arm-atollic-eabi/lib/armv7e-m/fpu/fpv5-d16\libc_nano.a(lib_a-nano-msizer.o)
 .ARM.attributes
                0x000005e6       0x32 c:/program files (x86)/atollic/truestudio for arm 8.0.0/armtools/bin/../lib/gcc/arm-atollic-eabi/6.3.1/../../../../arm-atollic-eabi/lib/armv7e-m/fpu/fpv5-d16\libc_nano.a(lib_a-reent.o)
 .ARM.attributes
                0x00000618       0x32 c:/program files (x86)/atollic/truestudio for arm 8.0.0/armtools/bin/../lib/gcc/arm-atollic-eabi/6.3.1/../../../../arm-atollic-eabi/lib/armv7e-m/fpu/fpv5-d16\libnosys.a(sbrk.o)
 .ARM.attributes
                0x0000064a       0x20 c:/program files (x86)/atollic/truestudio for arm 8.0.0/armtools/bin/../lib/gcc/arm-atollic-eabi/6.3.1/armv7e-m/fpu/fpv5-d16/crtn.o
OUTPUT(Dual_Channel_Pulse_Count_Implementation.elf elf32-littlearm)

.debug_info     0x00000000    0x1510b
 .debug_info    0x00000000     0x11cf Drivers\STM32F7xx_HAL_Driver\Src\stm32f7xx_hal.o
 .debug_info    0x000011cf     0x19ae Drivers\STM32F7xx_HAL_Driver\Src\stm32f7xx_hal_cortex.o
 .debug_info    0x00002b7d      0xfbb Drivers\STM32F7xx_HAL_Driver\Src\stm32f7xx_hal_gpio.o
 .debug_info    0x00003b38     0x1240 Drivers\STM32F7xx_HAL_Driver\Src\stm32f7xx_hal_pwr_ex.o
 .debug_info    0x00004d78     0x1567 Drivers\STM32F7xx_HAL_Driver\Src\stm32f7xx_hal_rcc.o
 .debug_info    0x000062df     0x186b Drivers\STM32F7xx_HAL_Driver\Src\stm32f7xx_hal_rcc_ex.o
 .debug_info    0x00007b4a     0x3713 Drivers\STM32F7xx_HAL_Driver\Src\stm32f7xx_hal_tim.o
 .debug_info    0x0000b25d     0x1f7f Drivers\STM32F7xx_HAL_Driver\Src\stm32f7xx_hal_tim_ex.o
 .debug_info    0x0000d1dc     0x205f Drivers\STM32F7xx_HAL_Driver\Src\stm32f7xx_hal_uart.o
 .debug_info    0x0000f23b     0x2622 Src\main.o
 .debug_info    0x0001185d     0x19f8 Src\stm32f7xx_hal_msp.o
 .debug_info    0x00013255      0xf0c Src\stm32f7xx_it.o
 .debug_info    0x00014161      0xf09 Src\system_stm32f7xx.o
 .debug_info    0x0001506a       0xa1 startup\startup_stm32f767xx.o

.debug_abbrev   0x00000000     0x2205
 .debug_abbrev  0x00000000      0x28f Drivers\STM32F7xx_HAL_Driver\Src\stm32f7xx_hal.o
 .debug_abbrev  0x0000028f      0x3ab Drivers\STM32F7xx_HAL_Driver\Src\stm32f7xx_hal_cortex.o
 .debug_abbrev  0x0000063a      0x26d Drivers\STM32F7xx_HAL_Driver\Src\stm32f7xx_hal_gpio.o
 .debug_abbrev  0x000008a7      0x2b0 Drivers\STM32F7xx_HAL_Driver\Src\stm32f7xx_hal_pwr_ex.o
 .debug_abbrev  0x00000b57      0x2fe Drivers\STM32F7xx_HAL_Driver\Src\stm32f7xx_hal_rcc.o
 .debug_abbrev  0x00000e55      0x2ca Drivers\STM32F7xx_HAL_Driver\Src\stm32f7xx_hal_rcc_ex.o
 .debug_abbrev  0x0000111f      0x2a4 Drivers\STM32F7xx_HAL_Driver\Src\stm32f7xx_hal_tim.o
 .debug_abbrev  0x000013c3      0x2a4 Drivers\STM32F7xx_HAL_Driver\Src\stm32f7xx_hal_tim_ex.o
 .debug_abbrev  0x00001667      0x2da Drivers\STM32F7xx_HAL_Driver\Src\stm32f7xx_hal_uart.o
 .debug_abbrev  0x00001941      0x2b1 Src\main.o
 .debug_abbrev  0x00001bf2      0x229 Src\stm32f7xx_hal_msp.o
 .debug_abbrev  0x00001e1b      0x1ef Src\stm32f7xx_it.o
 .debug_abbrev  0x0000200a      0x1e9 Src\system_stm32f7xx.o
 .debug_abbrev  0x000021f3       0x12 startup\startup_stm32f767xx.o

.debug_loc      0x00000000     0x835c
 .debug_loc     0x00000000       0x6a Drivers\STM32F7xx_HAL_Driver\Src\stm32f7xx_hal.o
 .debug_loc     0x0000006a      0x5c0 Drivers\STM32F7xx_HAL_Driver\Src\stm32f7xx_hal_cortex.o
 .debug_loc     0x0000062a      0x409 Drivers\STM32F7xx_HAL_Driver\Src\stm32f7xx_hal_gpio.o
 .debug_loc     0x00000a33      0x198 Drivers\STM32F7xx_HAL_Driver\Src\stm32f7xx_hal_pwr_ex.o
 .debug_loc     0x00000bcb      0x5cb Drivers\STM32F7xx_HAL_Driver\Src\stm32f7xx_hal_rcc.o
 .debug_loc     0x00001196      0x991 Drivers\STM32F7xx_HAL_Driver\Src\stm32f7xx_hal_rcc_ex.o
 .debug_loc     0x00001b27     0x352a Drivers\STM32F7xx_HAL_Driver\Src\stm32f7xx_hal_tim.o
 .debug_loc     0x00005051     0x19d1 Drivers\STM32F7xx_HAL_Driver\Src\stm32f7xx_hal_tim_ex.o
 .debug_loc     0x00006a22     0x16aa Drivers\STM32F7xx_HAL_Driver\Src\stm32f7xx_hal_uart.o
 .debug_loc     0x000080cc       0x1f Src\main.o
 .debug_loc     0x000080eb      0x133 Src\stm32f7xx_hal_msp.o
 .debug_loc     0x0000821e      0x13e Src\system_stm32f7xx.o

.debug_aranges  0x00000000      0xaa0
 .debug_aranges
                0x00000000       0xe0 Drivers\STM32F7xx_HAL_Driver\Src\stm32f7xx_hal.o
 .debug_aranges
                0x000000e0       0xa8 Drivers\STM32F7xx_HAL_Driver\Src\stm32f7xx_hal_cortex.o
 .debug_aranges
                0x00000188       0x58 Drivers\STM32F7xx_HAL_Driver\Src\stm32f7xx_hal_gpio.o
 .debug_aranges
                0x000001e0       0x80 Drivers\STM32F7xx_HAL_Driver\Src\stm32f7xx_hal_pwr_ex.o
 .debug_aranges
                0x00000260       0x88 Drivers\STM32F7xx_HAL_Driver\Src\stm32f7xx_hal_rcc.o
 .debug_aranges
                0x000002e8       0x30 Drivers\STM32F7xx_HAL_Driver\Src\stm32f7xx_hal_rcc_ex.o
 .debug_aranges
                0x00000318      0x368 Drivers\STM32F7xx_HAL_Driver\Src\stm32f7xx_hal_tim.o
 .debug_aranges
                0x00000680      0x178 Drivers\STM32F7xx_HAL_Driver\Src\stm32f7xx_hal_tim_ex.o
 .debug_aranges
                0x000007f8      0x190 Drivers\STM32F7xx_HAL_Driver\Src\stm32f7xx_hal_uart.o
 .debug_aranges
                0x00000988       0x60 Src\main.o
 .debug_aranges
                0x000009e8       0x40 Src\stm32f7xx_hal_msp.o
 .debug_aranges
                0x00000a28       0x28 Src\stm32f7xx_it.o
 .debug_aranges
                0x00000a50       0x28 Src\system_stm32f7xx.o
 .debug_aranges
                0x00000a78       0x28 startup\startup_stm32f767xx.o

.debug_ranges   0x00000000      0xa28
 .debug_ranges  0x00000000       0xd0 Drivers\STM32F7xx_HAL_Driver\Src\stm32f7xx_hal.o
 .debug_ranges  0x000000d0       0xf8 Drivers\STM32F7xx_HAL_Driver\Src\stm32f7xx_hal_cortex.o
 .debug_ranges  0x000001c8       0x48 Drivers\STM32F7xx_HAL_Driver\Src\stm32f7xx_hal_gpio.o
 .debug_ranges  0x00000210       0x70 Drivers\STM32F7xx_HAL_Driver\Src\stm32f7xx_hal_pwr_ex.o
 .debug_ranges  0x00000280       0x78 Drivers\STM32F7xx_HAL_Driver\Src\stm32f7xx_hal_rcc.o
 .debug_ranges  0x000002f8       0x20 Drivers\STM32F7xx_HAL_Driver\Src\stm32f7xx_hal_rcc_ex.o
 .debug_ranges  0x00000318      0x358 Drivers\STM32F7xx_HAL_Driver\Src\stm32f7xx_hal_tim.o
 .debug_ranges  0x00000670      0x168 Drivers\STM32F7xx_HAL_Driver\Src\stm32f7xx_hal_tim_ex.o
 .debug_ranges  0x000007d8      0x180 Drivers\STM32F7xx_HAL_Driver\Src\stm32f7xx_hal_uart.o
 .debug_ranges  0x00000958       0x50 Src\main.o
 .debug_ranges  0x000009a8       0x30 Src\stm32f7xx_hal_msp.o
 .debug_ranges  0x000009d8       0x18 Src\stm32f7xx_it.o
 .debug_ranges  0x000009f0       0x18 Src\system_stm32f7xx.o
 .debug_ranges  0x00000a08       0x20 startup\startup_stm32f767xx.o

.debug_macro    0x00000000    0x27346
 .debug_macro   0x00000000      0x354 Drivers\STM32F7xx_HAL_Driver\Src\stm32f7xx_hal.o
 .debug_macro   0x00000354      0x8c2 Drivers\STM32F7xx_HAL_Driver\Src\stm32f7xx_hal.o
 .debug_macro   0x00000c16      0x13c Drivers\STM32F7xx_HAL_Driver\Src\stm32f7xx_hal.o
 .debug_macro   0x00000d52      0x17f Drivers\STM32F7xx_HAL_Driver\Src\stm32f7xx_hal.o
 .debug_macro   0x00000ed1       0x2e Drivers\STM32F7xx_HAL_Driver\Src\stm32f7xx_hal.o
 .debug_macro   0x00000eff       0x3b Drivers\STM32F7xx_HAL_Driver\Src\stm32f7xx_hal.o
 .debug_macro   0x00000f3a       0x22 Drivers\STM32F7xx_HAL_Driver\Src\stm32f7xx_hal.o
 .debug_macro   0x00000f5c       0x87 Drivers\STM32F7xx_HAL_Driver\Src\stm32f7xx_hal.o
 .debug_macro   0x00000fe3       0x51 Drivers\STM32F7xx_HAL_Driver\Src\stm32f7xx_hal.o
 .debug_macro   0x00001034       0xef Drivers\STM32F7xx_HAL_Driver\Src\stm32f7xx_hal.o
 .debug_macro   0x00001123       0x6a Drivers\STM32F7xx_HAL_Driver\Src\stm32f7xx_hal.o
 .debug_macro   0x0000118d      0x1df Drivers\STM32F7xx_HAL_Driver\Src\stm32f7xx_hal.o
 .debug_macro   0x0000136c       0x35 Drivers\STM32F7xx_HAL_Driver\Src\stm32f7xx_hal.o
 .debug_macro   0x000013a1       0x50 Drivers\STM32F7xx_HAL_Driver\Src\stm32f7xx_hal.o
 .debug_macro   0x000013f1     0x1114 Drivers\STM32F7xx_HAL_Driver\Src\stm32f7xx_hal.o
 .debug_macro   0x00002505    0x19f3a Drivers\STM32F7xx_HAL_Driver\Src\stm32f7xx_hal.o
 .debug_macro   0x0001c43f       0x43 Drivers\STM32F7xx_HAL_Driver\Src\stm32f7xx_hal.o
 .debug_macro   0x0001c482     0x35c8 Drivers\STM32F7xx_HAL_Driver\Src\stm32f7xx_hal.o
 .debug_macro   0x0001fa4a       0x46 Drivers\STM32F7xx_HAL_Driver\Src\stm32f7xx_hal.o
 .debug_macro   0x0001fa90       0x3c Drivers\STM32F7xx_HAL_Driver\Src\stm32f7xx_hal.o
 .debug_macro   0x0001facc       0x9c Drivers\STM32F7xx_HAL_Driver\Src\stm32f7xx_hal.o
 .debug_macro   0x0001fb68       0x16 Drivers\STM32F7xx_HAL_Driver\Src\stm32f7xx_hal.o
 .debug_macro   0x0001fb7e       0x97 Drivers\STM32F7xx_HAL_Driver\Src\stm32f7xx_hal.o
 .debug_macro   0x0001fc15      0x30d Drivers\STM32F7xx_HAL_Driver\Src\stm32f7xx_hal.o
 .debug_macro   0x0001ff22       0xfd Drivers\STM32F7xx_HAL_Driver\Src\stm32f7xx_hal.o
 .debug_macro   0x0002001f       0x10 Drivers\STM32F7xx_HAL_Driver\Src\stm32f7xx_hal.o
 .debug_macro   0x0002002f       0x52 Drivers\STM32F7xx_HAL_Driver\Src\stm32f7xx_hal.o
 .debug_macro   0x00020081       0x1f Drivers\STM32F7xx_HAL_Driver\Src\stm32f7xx_hal.o
 .debug_macro   0x000200a0       0x43 Drivers\STM32F7xx_HAL_Driver\Src\stm32f7xx_hal.o
 .debug_macro   0x000200e3       0x20 Drivers\STM32F7xx_HAL_Driver\Src\stm32f7xx_hal.o
 .debug_macro   0x00020103      0x1a3 Drivers\STM32F7xx_HAL_Driver\Src\stm32f7xx_hal.o
 .debug_macro   0x000202a6       0x10 Drivers\STM32F7xx_HAL_Driver\Src\stm32f7xx_hal.o
 .debug_macro   0x000202b6       0x1c Drivers\STM32F7xx_HAL_Driver\Src\stm32f7xx_hal.o
 .debug_macro   0x000202d2       0x52 Drivers\STM32F7xx_HAL_Driver\Src\stm32f7xx_hal.o
 .debug_macro   0x00020324       0x40 Drivers\STM32F7xx_HAL_Driver\Src\stm32f7xx_hal.o
 .debug_macro   0x00020364       0x10 Drivers\STM32F7xx_HAL_Driver\Src\stm32f7xx_hal.o
 .debug_macro   0x00020374       0x40 Drivers\STM32F7xx_HAL_Driver\Src\stm32f7xx_hal.o
 .debug_macro   0x000203b4       0xd7 Drivers\STM32F7xx_HAL_Driver\Src\stm32f7xx_hal.o
 .debug_macro   0x0002048b       0x16 Drivers\STM32F7xx_HAL_Driver\Src\stm32f7xx_hal.o
 .debug_macro   0x000204a1      0x161 Drivers\STM32F7xx_HAL_Driver\Src\stm32f7xx_hal.o
 .debug_macro   0x00020602       0x50 Drivers\STM32F7xx_HAL_Driver\Src\stm32f7xx_hal.o
 .debug_macro   0x00020652     0x1add Drivers\STM32F7xx_HAL_Driver\Src\stm32f7xx_hal.o
 .debug_macro   0x0002212f      0x6a2 Drivers\STM32F7xx_HAL_Driver\Src\stm32f7xx_hal.o
 .debug_macro   0x000227d1      0x11e Drivers\STM32F7xx_HAL_Driver\Src\stm32f7xx_hal.o
 .debug_macro   0x000228ef      0x277 Drivers\STM32F7xx_HAL_Driver\Src\stm32f7xx_hal.o
 .debug_macro   0x00022b66       0x27 Drivers\STM32F7xx_HAL_Driver\Src\stm32f7xx_hal.o
 .debug_macro   0x00022b8d      0x24f Drivers\STM32F7xx_HAL_Driver\Src\stm32f7xx_hal.o
 .debug_macro   0x00022ddc       0x71 Drivers\STM32F7xx_HAL_Driver\Src\stm32f7xx_hal.o
 .debug_macro   0x00022e4d       0x58 Drivers\STM32F7xx_HAL_Driver\Src\stm32f7xx_hal.o
 .debug_macro   0x00022ea5      0x23a Drivers\STM32F7xx_HAL_Driver\Src\stm32f7xx_hal.o
 .debug_macro   0x000230df      0x156 Drivers\STM32F7xx_HAL_Driver\Src\stm32f7xx_hal.o
 .debug_macro   0x00023235      0x3de Drivers\STM32F7xx_HAL_Driver\Src\stm32f7xx_hal.o
 .debug_macro   0x00023613       0x12 Drivers\STM32F7xx_HAL_Driver\Src\stm32f7xx_hal.o
 .debug_macro   0x00023625      0x202 Drivers\STM32F7xx_HAL_Driver\Src\stm32f7xx_hal.o
 .debug_macro   0x00023827       0x61 Drivers\STM32F7xx_HAL_Driver\Src\stm32f7xx_hal.o
 .debug_macro   0x00023888       0x90 Drivers\STM32F7xx_HAL_Driver\Src\stm32f7xx_hal.o
 .debug_macro   0x00023918      0x133 Drivers\STM32F7xx_HAL_Driver\Src\stm32f7xx_hal.o
 .debug_macro   0x00023a4b      0x10c Drivers\STM32F7xx_HAL_Driver\Src\stm32f7xx_hal.o
 .debug_macro   0x00023b57       0x35 Drivers\STM32F7xx_HAL_Driver\Src\stm32f7xx_hal.o
 .debug_macro   0x00023b8c      0x685 Drivers\STM32F7xx_HAL_Driver\Src\stm32f7xx_hal.o
 .debug_macro   0x00024211      0x295 Drivers\STM32F7xx_HAL_Driver\Src\stm32f7xx_hal.o
 .debug_macro   0x000244a6      0x13f Drivers\STM32F7xx_HAL_Driver\Src\stm32f7xx_hal.o
 .debug_macro   0x000245e5      0x4e8 Drivers\STM32F7xx_HAL_Driver\Src\stm32f7xx_hal.o
 .debug_macro   0x00024acd       0x47 Drivers\STM32F7xx_HAL_Driver\Src\stm32f7xx_hal.o
 .debug_macro   0x00024b14      0x158 Drivers\STM32F7xx_HAL_Driver\Src\stm32f7xx_hal.o
 .debug_macro   0x00024c6c      0x330 Drivers\STM32F7xx_HAL_Driver\Src\stm32f7xx_hal_cortex.o
 .debug_macro   0x00024f9c      0x368 Drivers\STM32F7xx_HAL_Driver\Src\stm32f7xx_hal_gpio.o
 .debug_macro   0x00025304      0x348 Drivers\STM32F7xx_HAL_Driver\Src\stm32f7xx_hal_pwr_ex.o
 .debug_macro   0x0002564c      0x354 Drivers\STM32F7xx_HAL_Driver\Src\stm32f7xx_hal_rcc.o
 .debug_macro   0x000259a0      0x33c Drivers\STM32F7xx_HAL_Driver\Src\stm32f7xx_hal_rcc_ex.o
 .debug_macro   0x00025cdc      0x331 Drivers\STM32F7xx_HAL_Driver\Src\stm32f7xx_hal_tim.o
 .debug_macro   0x0002600d      0x33c Drivers\STM32F7xx_HAL_Driver\Src\stm32f7xx_hal_tim_ex.o
 .debug_macro   0x00026349      0x338 Drivers\STM32F7xx_HAL_Driver\Src\stm32f7xx_hal_uart.o
 .debug_macro   0x00026681      0x334 Src\main.o
 .debug_macro   0x000269b5      0x330 Src\stm32f7xx_hal_msp.o
 .debug_macro   0x00026ce5      0x33a Src\stm32f7xx_it.o
 .debug_macro   0x0002701f      0x327 Src\system_stm32f7xx.o

.debug_line     0x00000000     0x8ad3
 .debug_line    0x00000000      0x8b0 Drivers\STM32F7xx_HAL_Driver\Src\stm32f7xx_hal.o
 .debug_line    0x000008b0      0x904 Drivers\STM32F7xx_HAL_Driver\Src\stm32f7xx_hal_cortex.o
 .debug_line    0x000011b4      0x87c Drivers\STM32F7xx_HAL_Driver\Src\stm32f7xx_hal_gpio.o
 .debug_line    0x00001a30      0x835 Drivers\STM32F7xx_HAL_Driver\Src\stm32f7xx_hal_pwr_ex.o
 .debug_line    0x00002265      0xa0d Drivers\STM32F7xx_HAL_Driver\Src\stm32f7xx_hal_rcc.o
 .debug_line    0x00002c72      0xae5 Drivers\STM32F7xx_HAL_Driver\Src\stm32f7xx_hal_rcc_ex.o
 .debug_line    0x00003757     0x1687 Drivers\STM32F7xx_HAL_Driver\Src\stm32f7xx_hal_tim.o
 .debug_line    0x00004dde      0xe15 Drivers\STM32F7xx_HAL_Driver\Src\stm32f7xx_hal_tim_ex.o
 .debug_line    0x00005bf3     0x10a0 Drivers\STM32F7xx_HAL_Driver\Src\stm32f7xx_hal_uart.o
 .debug_line    0x00006c93      0x83f Src\main.o
 .debug_line    0x000074d2      0x773 Src\stm32f7xx_hal_msp.o
 .debug_line    0x00007c45      0x70b Src\stm32f7xx_it.o
 .debug_line    0x00008350      0x704 Src\system_stm32f7xx.o
 .debug_line    0x00008a54       0x7f startup\startup_stm32f767xx.o

.debug_str      0x00000000    0xf0854
 .debug_str     0x00000000    0xed6b7 Drivers\STM32F7xx_HAL_Driver\Src\stm32f7xx_hal.o
                              0xedabc (size before relaxing)
 .debug_str     0x000ed6b7      0x46d Drivers\STM32F7xx_HAL_Driver\Src\stm32f7xx_hal_cortex.o
                              0xedb41 (size before relaxing)
 .debug_str     0x000edb24      0x2ca Drivers\STM32F7xx_HAL_Driver\Src\stm32f7xx_hal_gpio.o
                              0xed332 (size before relaxing)
 .debug_str     0x000eddee      0x1f3 Drivers\STM32F7xx_HAL_Driver\Src\stm32f7xx_hal_pwr_ex.o
                              0xed3ee (size before relaxing)
 .debug_str     0x000edfe1      0x398 Drivers\STM32F7xx_HAL_Driver\Src\stm32f7xx_hal_rcc.o
                              0xed498 (size before relaxing)
 .debug_str     0x000ee379      0x38d Drivers\STM32F7xx_HAL_Driver\Src\stm32f7xx_hal_rcc_ex.o
                              0xed423 (size before relaxing)
 .debug_str     0x000ee706     0x10d2 Drivers\STM32F7xx_HAL_Driver\Src\stm32f7xx_hal_tim.o
                              0xee0df (size before relaxing)
 .debug_str     0x000ef7d8      0x61e Drivers\STM32F7xx_HAL_Driver\Src\stm32f7xx_hal_tim_ex.o
                              0xedc1d (size before relaxing)
 .debug_str     0x000efdf6      0x838 Drivers\STM32F7xx_HAL_Driver\Src\stm32f7xx_hal_uart.o
                              0xedba0 (size before relaxing)
 .debug_str     0x000f062e      0x151 Src\main.o
                              0xee4f2 (size before relaxing)
 .debug_str     0x000f077f       0x25 Src\stm32f7xx_hal_msp.o
                              0xede2b (size before relaxing)
 .debug_str     0x000f07a4       0x56 Src\stm32f7xx_it.o
                              0xed3a1 (size before relaxing)
 .debug_str     0x000f07fa       0x5a Src\system_stm32f7xx.o
                              0xebfb2 (size before relaxing)

.comment        0x00000000       0x7c
 .comment       0x00000000       0x7c Drivers\STM32F7xx_HAL_Driver\Src\stm32f7xx_hal.o
                                 0x7d (size before relaxing)
 .comment       0x0000007c       0x7d Drivers\STM32F7xx_HAL_Driver\Src\stm32f7xx_hal_cortex.o
 .comment       0x0000007c       0x7d Drivers\STM32F7xx_HAL_Driver\Src\stm32f7xx_hal_gpio.o
 .comment       0x0000007c       0x7d Drivers\STM32F7xx_HAL_Driver\Src\stm32f7xx_hal_pwr_ex.o
 .comment       0x0000007c       0x7d Drivers\STM32F7xx_HAL_Driver\Src\stm32f7xx_hal_rcc.o
 .comment       0x0000007c       0x7d Drivers\STM32F7xx_HAL_Driver\Src\stm32f7xx_hal_rcc_ex.o
 .comment       0x0000007c       0x7d Drivers\STM32F7xx_HAL_Driver\Src\stm32f7xx_hal_tim.o
 .comment       0x0000007c       0x7d Drivers\STM32F7xx_HAL_Driver\Src\stm32f7xx_hal_tim_ex.o
 .comment       0x0000007c       0x7d Drivers\STM32F7xx_HAL_Driver\Src\stm32f7xx_hal_uart.o
 .comment       0x0000007c       0x7d Src\main.o
 .comment       0x0000007c       0x7d Src\stm32f7xx_hal_msp.o
 .comment       0x0000007c       0x7d Src\stm32f7xx_it.o
 .comment       0x0000007c       0x7d Src\system_stm32f7xx.o

.debug_frame    0x00000000     0x1f6c
 .debug_frame   0x00000000      0x1c8 Drivers\STM32F7xx_HAL_Driver\Src\stm32f7xx_hal.o
 .debug_frame   0x000001c8      0x15c Drivers\STM32F7xx_HAL_Driver\Src\stm32f7xx_hal_cortex.o
 .debug_frame   0x00000324       0xd0 Drivers\STM32F7xx_HAL_Driver\Src\stm32f7xx_hal_gpio.o
 .debug_frame   0x000003f4      0x134 Drivers\STM32F7xx_HAL_Driver\Src\stm32f7xx_hal_pwr_ex.o
 .debug_frame   0x00000528      0x140 Drivers\STM32F7xx_HAL_Driver\Src\stm32f7xx_hal_rcc.o
 .debug_frame   0x00000668       0x7c Drivers\STM32F7xx_HAL_Driver\Src\stm32f7xx_hal_rcc_ex.o
 .debug_frame   0x000006e4      0x9f8 Drivers\STM32F7xx_HAL_Driver\Src\stm32f7xx_hal_tim.o
 .debug_frame   0x000010dc      0x478 Drivers\STM32F7xx_HAL_Driver\Src\stm32f7xx_hal_tim_ex.o
 .debug_frame   0x00001554      0x488 Drivers\STM32F7xx_HAL_Driver\Src\stm32f7xx_hal_uart.o
 .debug_frame   0x000019dc      0x10c Src\main.o
 .debug_frame   0x00001ae8       0x94 Src\stm32f7xx_hal_msp.o
 .debug_frame   0x00001b7c       0x40 Src\stm32f7xx_it.o
 .debug_frame   0x00001bbc       0x3c Src\system_stm32f7xx.o
 .debug_frame   0x00001bf8       0x2c c:/program files (x86)/atollic/truestudio for arm 8.0.0/armtools/bin/../lib/gcc/arm-atollic-eabi/6.3.1/../../../../arm-atollic-eabi/lib/armv7e-m/fpu/fpv5-d16\libc_nano.a(lib_a-init.o)
 .debug_frame   0x00001c24       0x70 c:/program files (x86)/atollic/truestudio for arm 8.0.0/armtools/bin/../lib/gcc/arm-atollic-eabi/6.3.1/../../../../arm-atollic-eabi/lib/armv7e-m/fpu/fpv5-d16\libc_nano.a(lib_a-sprintf.o)
 .debug_frame   0x00001c94       0x90 c:/program files (x86)/atollic/truestudio for arm 8.0.0/armtools/bin/../lib/gcc/arm-atollic-eabi/6.3.1/../../../../arm-atollic-eabi/lib/armv7e-m/fpu/fpv5-d16\libc_nano.a(lib_a-nano-svfprintf.o)
 .debug_frame   0x00001d24       0x60 c:/program files (x86)/atollic/truestudio for arm 8.0.0/armtools/bin/../lib/gcc/arm-atollic-eabi/6.3.1/../../../../arm-atollic-eabi/lib/armv7e-m/fpu/fpv5-d16\libc_nano.a(lib_a-nano-vfprintf_i.o)
 .debug_frame   0x00001d84       0x28 c:/program files (x86)/atollic/truestudio for arm 8.0.0/armtools/bin/../lib/gcc/arm-atollic-eabi/6.3.1/../../../../arm-atollic-eabi/lib/armv7e-m/fpu/fpv5-d16\libc_nano.a(lib_a-memcpy-stub.o)
 .debug_frame   0x00001dac       0x28 c:/program files (x86)/atollic/truestudio for arm 8.0.0/armtools/bin/../lib/gcc/arm-atollic-eabi/6.3.1/../../../../arm-atollic-eabi/lib/armv7e-m/fpu/fpv5-d16\libc_nano.a(lib_a-memmove.o)
 .debug_frame   0x00001dd4       0x38 c:/program files (x86)/atollic/truestudio for arm 8.0.0/armtools/bin/../lib/gcc/arm-atollic-eabi/6.3.1/../../../../arm-atollic-eabi/lib/armv7e-m/fpu/fpv5-d16\libc_nano.a(lib_a-nano-freer.o)
 .debug_frame   0x00001e0c       0x2c c:/program files (x86)/atollic/truestudio for arm 8.0.0/armtools/bin/../lib/gcc/arm-atollic-eabi/6.3.1/../../../../arm-atollic-eabi/lib/armv7e-m/fpu/fpv5-d16\libc_nano.a(lib_a-nano-mallocr.o)
 .debug_frame   0x00001e38       0x3c c:/program files (x86)/atollic/truestudio for arm 8.0.0/armtools/bin/../lib/gcc/arm-atollic-eabi/6.3.1/../../../../arm-atollic-eabi/lib/armv7e-m/fpu/fpv5-d16\libc_nano.a(lib_a-nano-reallocr.o)
 .debug_frame   0x00001e74       0x2c c:/program files (x86)/atollic/truestudio for arm 8.0.0/armtools/bin/../lib/gcc/arm-atollic-eabi/6.3.1/../../../../arm-atollic-eabi/lib/armv7e-m/fpu/fpv5-d16\libc_nano.a(lib_a-sbrkr.o)
 .debug_frame   0x00001ea0       0x30 c:/program files (x86)/atollic/truestudio for arm 8.0.0/armtools/bin/../lib/gcc/arm-atollic-eabi/6.3.1/../../../../arm-atollic-eabi/lib/armv7e-m/fpu/fpv5-d16\libc_nano.a(lib_a-mlock.o)
 .debug_frame   0x00001ed0       0x20 c:/program files (x86)/atollic/truestudio for arm 8.0.0/armtools/bin/../lib/gcc/arm-atollic-eabi/6.3.1/../../../../arm-atollic-eabi/lib/armv7e-m/fpu/fpv5-d16\libc_nano.a(lib_a-nano-msizer.o)
 .debug_frame   0x00001ef0       0x5c c:/program files (x86)/atollic/truestudio for arm 8.0.0/armtools/bin/../lib/gcc/arm-atollic-eabi/6.3.1/../../../../arm-atollic-eabi/lib/armv7e-m/fpu/fpv5-d16\libc_nano.a(lib_a-reent.o)
 .debug_frame   0x00001f4c       0x20 c:/program files (x86)/atollic/truestudio for arm 8.0.0/armtools/bin/../lib/gcc/arm-atollic-eabi/6.3.1/../../../../arm-atollic-eabi/lib/armv7e-m/fpu/fpv5-d16\libnosys.a(sbrk.o)
